// Jest Snapshot v1, https://goo.gl/fbAQLP

exports[`Compiler client randomness/app.tsx output 1`] = `
"import * as dom from \\"dom\\";
for (let i = 0; i < 50; i++) {
    console.log(Math.random());
}
export default dom.h(\\"div\\", null);
//# sourceMappingURL=app.js.map"
`;

exports[`Compiler server randomness/app.tsx output 1`] = `
"import * as dom from \\"dom\\";
for (let i = 0; i < 50; i++) {
    console.log(Math.random());
}
export default dom.h(\\"div\\", null);
//# sourceMappingURL=app.js.map"
`;
